<html>
<body>
<pre>
<h1>µVision Build Log</h1>
<h2>Tool Versions:</h2>
IDE-Version: µVision V5.29.0.0
Copyright (C) 2019 ARM Ltd and ARM Germany GmbH. All rights reserved.
License Information: Dina Zakaria, Ain shams University, LIC=----
 
Tool Versions:
Toolchain:       MDK-Lite  Version: 5.29.0.0
Toolchain Path:  C:\Keil_v5\ARM\ARMCC\Bin
C Compiler:      Armcc.exe V5.06 update 6 (build 750)
Assembler:       Armasm.exe V5.06 update 6 (build 750)
Linker/Locator:  ArmLink.exe V5.06 update 6 (build 750)
Library Manager: ArmAr.exe V5.06 update 6 (build 750)
Hex Converter:   FromElf.exe V5.06 update 6 (build 750)
CPU DLL:         SARMCM3.DLL V5.29.0.0
Dialog DLL:      DCM.DLL V1.17.3.0
Target DLL:      lmidk-agdi.dll V???
Dialog DLL:      TCM.DLL V1.36.5.0
 
<h2>Project:</h2>
D:\Education\Master\Embedded\Project\AutomotivePowerWindowController-master\PowerWindowController.uvproj
Project File Date:  05/16/2023

<h2>Output:</h2>
*** Using Compiler 'V5.06 update 6 (build 750)', folder: 'C:\Keil_v5\ARM\ARMCC\Bin'
Rebuild target 'Project'
creating preprocessor file for main.c...
compiling main.c...
./pin_init.h(78): warning:  #1-D: last line of file ends without a newline
  #endif
./Process_Input.h(55): warning:  #1-D: last line of file ends without a newline
  #endif
app\main.c: 2 warnings, 0 errors
assembling startup_TM4C123.s...
creating preprocessor file for Process_Input.c...
compiling Process_Input.c...
pin_init.h(78): warning:  #1-D: last line of file ends without a newline
  #endif
Process_Input.h(55): warning:  #1-D: last line of file ends without a newline
  #endif
Process_Input.c(26): warning:  #550-D: variable "xStatus"  was set but never used
                portBASE_TYPE xStatus;
Process_Input.c: 3 warnings, 0 errors
creating preprocessor file for MovReq_Execution.c...
compiling MovReq_Execution.c...
pin_init.h(78): warning:  #1-D: last line of file ends without a newline
  #endif
Process_Input.h(55): warning:  #1-D: last line of file ends without a newline
  #endif
MovReq_Execution.c: 2 warnings, 0 errors
creating preprocessor file for Main_Tasks.c...
compiling Main_Tasks.c...
pin_init.h(78): warning:  #1-D: last line of file ends without a newline
  #endif
Process_Input.h(55): warning:  #1-D: last line of file ends without a newline
  #endif
Main_Tasks.c(26): warning:  #550-D: variable "xStatus"  was set but never used
        portBASE_TYPE xStatus;
Main_Tasks.c(61): warning:  #550-D: variable "xStatus"  was set but never used
        portBASE_TYPE xStatus;  
Main_Tasks.c(86): warning:  #550-D: variable "xStatus"  was set but never used
        portBASE_TYPE xStatus;
Main_Tasks.c(113): warning:  #550-D: variable "xStatus"  was set but never used
        portBASE_TYPE xStatus;
Main_Tasks.c(140): warning:  #550-D: variable "xStatus"  was set but never used
        portBASE_TYPE xStatus;
Main_Tasks.c(198): warning:  #1-D: last line of file ends without a newline
  }
Main_Tasks.c(174): warning:  #550-D: variable "xStatus"  was set but never used
        portBASE_TYPE xStatus;
Main_Tasks.c: 9 warnings, 0 errors
creating preprocessor file for pin_init.c...
compiling pin_init.c...
pin_init.h(78): warning:  #1-D: last line of file ends without a newline
  #endif
pin_init.c(40): warning:  #1-D: last line of file ends without a newline
  }
pin_init.c: 2 warnings, 0 errors
creating preprocessor file for adc.c...
compiling adc.c...
creating preprocessor file for aes.c...
compiling aes.c...
creating preprocessor file for can.c...
compiling can.c...
creating preprocessor file for comp.c...
compiling comp.c...
creating preprocessor file for cpu.c...
compiling cpu.c...
creating preprocessor file for crc.c...
compiling crc.c...
creating preprocessor file for des.c...
compiling des.c...
creating preprocessor file for eeprom.c...
compiling eeprom.c...
creating preprocessor file for emac.c...
compiling emac.c...
creating preprocessor file for epi.c...
compiling epi.c...
creating preprocessor file for flash.c...
compiling flash.c...
creating preprocessor file for fpu.c...
compiling fpu.c...
creating preprocessor file for gpio.c...
compiling gpio.c...
creating preprocessor file for hibernate.c...
compiling hibernate.c...
creating preprocessor file for i2c.c...
compiling i2c.c...
creating preprocessor file for interrupt.c...
compiling interrupt.c...
creating preprocessor file for lcd.c...
compiling lcd.c...
creating preprocessor file for mpu.c...
compiling mpu.c...
creating preprocessor file for onewire.c...
compiling onewire.c...
creating preprocessor file for pwm.c...
compiling pwm.c...
creating preprocessor file for qei.c...
compiling qei.c...
creating preprocessor file for shamd5.c...
compiling shamd5.c...
creating preprocessor file for ssi.c...
compiling ssi.c...
creating preprocessor file for sw_crc.c...
compiling sw_crc.c...
creating preprocessor file for sysctl.c...
compiling sysctl.c...
creating preprocessor file for sysexc.c...
compiling sysexc.c...
creating preprocessor file for systick.c...
compiling systick.c...
creating preprocessor file for timer.c...
compiling timer.c...
creating preprocessor file for uart.c...
compiling uart.c...
creating preprocessor file for udma.c...
compiling udma.c...
creating preprocessor file for usb.c...
compiling usb.c...
creating preprocessor file for watchdog.c...
compiling watchdog.c...
creating preprocessor file for croutine.c...
compiling croutine.c...
creating preprocessor file for event_groups.c...
compiling event_groups.c...
creating preprocessor file for list.c...
compiling list.c...
creating preprocessor file for port.c...
compiling port.c...
creating preprocessor file for queue.c...
compiling queue.c...
creating preprocessor file for stream_buffer.c...
compiling stream_buffer.c...
creating preprocessor file for tasks.c...
compiling tasks.c...
creating preprocessor file for timers.c...
compiling timers.c...
creating preprocessor file for heap_4.c...
compiling heap_4.c...
linking...
Program Size: Code=26440 RO-data=2068 RW-data=1644 ZI-data=21188  
FromELF: creating hex file...
".\exe\objects\PowerWindowController.axf" - 0 Error(s), 18 Warning(s).
Build Time Elapsed:  00:00:17
</pre>
</body>
</html>
