Component: ARM Compiler 5.06 update 6 (build 750) Tool: armlink [4d35ed]

==============================================================================

Section Cross References

    main.o(.text) refers to pin_init.o(.text) for setup_gpio_pins
    main.o(.text) refers to queue.o(.text) for xQueueGenericCreate
    main.o(.text) refers to gpio.o(.text) for GPIOPinWrite
    main.o(.text) refers to tasks.o(.text) for xTaskCreate
    main.o(.text) refers to process_input.o(.data) for StateQueue
    main.o(.text) refers to main_tasks.o(.text) for Task_WND_LS
    main.o(.text) refers to process_input.o(.text) for TASK_ProcessInput
    main.o(.text) refers to movreq_execution.o(.text) for TASK_MovReqExecution
    startup_tm4c123.o(RESET) refers to startup_tm4c123.o(STACK) for __initial_sp
    startup_tm4c123.o(RESET) refers to startup_tm4c123.o(.text) for Reset_Handler
    startup_tm4c123.o(RESET) refers to port.o(.emb_text) for SVC_Handler
    startup_tm4c123.o(RESET) refers to port.o(.text) for SysTick_Handler
    startup_tm4c123.o(.text) refers to main.o(.text) for SystemInit
    startup_tm4c123.o(.text) refers to entry.o(.ARM.Collect$$$$00000000) for __main
    process_input.o(.text) refers to queue.o(.text) for xQueueReceive
    process_input.o(.text) refers to process_input.o(.data) for StateQueue
    process_input.o(.text) refers to process_input.o(.bss) for ProcessInput_movingRequest
    movreq_execution.o(.text) refers to queue.o(.text) for xQueueReceive
    movreq_execution.o(.text) refers to gpio.o(.text) for GPIOPinWrite
    movreq_execution.o(.text) refers to tasks.o(.text) for vTaskDelay
    movreq_execution.o(.text) refers to movreq_execution.o(.bss) for MovReqExecution_movingRequest
    movreq_execution.o(.text) refers to process_input.o(.data) for MovReqQueue
    main_tasks.o(.text) refers to gpio.o(.text) for GPIOPinRead
    main_tasks.o(.text) refers to queue.o(.text) for xQueueGenericSend
    main_tasks.o(.text) refers to process_input.o(.data) for StateQueue
    pin_init.o(.text) refers to sysctl.o(.text) for SysCtlPeripheralEnable
    pin_init.o(.text) refers to gpio.o(.text) for GPIOPinTypeGPIOInput
    adc.o(.text) refers to interrupt.o(.text) for IntRegister
    adc.o(.text) refers to adc.o(.data) for g_pui8OversampleFactor
    aes.o(.text) refers to interrupt.o(.text) for IntRegister
    can.o(.text) refers to interrupt.o(.text) for IntRegister
    can.o(.text) refers to can.o(.constdata) for g_ui16CANBitValues
    comp.o(.text) refers to interrupt.o(.text) for IntRegister
    des.o(.text) refers to interrupt.o(.text) for IntRegister
    eeprom.o(.text) refers to sysctl.o(.emb_text) for SysCtlDelay
    eeprom.o(.text) refers to sysctl.o(.text) for SysCtlPeripheralReset
    emac.o(.text) refers to sysctl.o(.text) for SysCtlPeripheralReset
    emac.o(.text) refers to sysctl.o(.emb_text) for SysCtlDelay
    emac.o(.text) refers to sw_crc.o(.text) for Crc32
    emac.o(.text) refers to interrupt.o(.text) for IntRegister
    emac.o(.text) refers to emac.o(.constdata) for g_pi16MIIClockDiv
    epi.o(.text) refers to interrupt.o(.text) for IntRegister
    flash.o(.text) refers to interrupt.o(.text) for IntRegister
    flash.o(.text) refers to flash.o(.constdata) for g_pui32FMPRERegs
    gpio.o(.text) refers to gpio.o(.constdata) for g_ppui32GPIOIntMapBlizzard
    gpio.o(.text) refers to interrupt.o(.text) for IntRegister
    hibernate.o(.text) refers to interrupt.o(.text) for IntRegister
    i2c.o(.text) refers to interrupt.o(.text) for IntRegister
    i2c.o(.text) refers to i2c.o(.constdata) for g_ppui32I2CIntMap
    interrupt.o(.text) refers to cpu.o(.emb_text) for CPUcpsie
    interrupt.o(.text) refers to interrupt.o(vtable) for g_pfnRAMVectors
    interrupt.o(.text) refers to interrupt.o(.constdata) for g_pui32Priority
    lcd.o(.text) refers to sysctl.o(.emb_text) for SysCtlDelay
    lcd.o(.text) refers to interrupt.o(.text) for IntRegister
    mpu.o(.text) refers to interrupt.o(.text) for IntRegister
    onewire.o(.text) refers to interrupt.o(.text) for IntRegister
    onewire.o(.text) refers to sysctl.o(.emb_text) for SysCtlDelay
    pwm.o(.text) refers to interrupt.o(.text) for IntRegister
    qei.o(.text) refers to interrupt.o(.text) for IntRegister
    shamd5.o(.text) refers to interrupt.o(.text) for IntRegister
    ssi.o(.text) refers to interrupt.o(.text) for IntRegister
    ssi.o(.text) refers to ssi.o(.constdata) for g_ppui32SSIIntMap
    sw_crc.o(.text) refers to sw_crc.o(.constdata) for g_pui8Crc8CCITT
    sysctl.o(.text) refers to interrupt.o(.text) for IntRegister
    sysctl.o(.text) refers to sysctl.o(.constdata) for g_sXTALtoMEMTIM
    sysctl.o(.text) refers to cpu.o(.emb_text) for CPUwfi
    sysctl.o(.text) refers to sysctl.o(.emb_text) for SysCtlDelay
    sysexc.o(.text) refers to interrupt.o(.text) for IntRegister
    systick.o(.text) refers to interrupt.o(.text) for IntRegister
    timer.o(.text) refers to interrupt.o(.text) for IntRegister
    timer.o(.text) refers to timer.o(.constdata) for g_ppui32TimerIntMap
    uart.o(.text) refers to interrupt.o(.text) for IntRegister
    uart.o(.text) refers to uart.o(.constdata) for g_ppui32UARTIntMap
    udma.o(.text) refers to interrupt.o(.text) for IntRegister
    usb.o(.text) refers to interrupt.o(.text) for IntRegister
    watchdog.o(.text) refers to interrupt.o(.text) for IntRegister
    event_groups.o(.text) refers to heap_4.o(.text) for pvPortMalloc
    event_groups.o(.text) refers to list.o(.text) for vListInitialise
    event_groups.o(.text) refers to tasks.o(.text) for vTaskSuspendAll
    event_groups.o(.text) refers to port.o(.text) for vPortEnterCritical
    event_groups.o(.text) refers to timers.o(.text) for xTimerPendFunctionCallFromISR
    port.o(.emb_text) refers to tasks.o(.text) for vTaskSwitchContext
    port.o(.emb_text) refers to tasks.o(.data) for pxCurrentTCB
    port.o(.text) refers to port.o(.emb_text) for __asm___6_port_c_39a90d8d__prvEnableVFP
    port.o(.text) refers to tasks.o(.text) for xTaskIncrementTick
    port.o(.text) refers to port.o(.data) for uxCriticalNesting
    port.o(.text) refers to main.o(.data) for SystemCoreClock
    queue.o(.text) refers to port.o(.text) for vPortEnterCritical
    queue.o(.text) refers to tasks.o(.text) for xTaskRemoveFromEventList
    queue.o(.text) refers to list.o(.text) for vListInitialise
    queue.o(.text) refers to heap_4.o(.text) for pvPortMalloc
    queue.o(.text) refers to memcpya.o(.text) for __aeabi_memcpy
    stream_buffer.o(.text) refers to memseta.o(.text) for memset
    stream_buffer.o(.text) refers to heap_4.o(.text) for pvPortMalloc
    stream_buffer.o(.text) refers to port.o(.text) for vPortEnterCritical
    stream_buffer.o(.text) refers to memcpya.o(.text) for __aeabi_memcpy
    stream_buffer.o(.text) refers to tasks.o(.text) for vTaskSetTimeOutState
    tasks.o(.text) refers to list.o(.text) for vListInitialise
    tasks.o(.text) refers to port.o(.text) for vPortEnterCritical
    tasks.o(.text) refers to memseta.o(.text) for __aeabi_memset
    tasks.o(.text) refers to heap_4.o(.text) for pvPortMalloc
    tasks.o(.text) refers to tasks.o(.bss) for pxReadyTasksLists
    tasks.o(.text) refers to tasks.o(.data) for pxDelayedTaskList
    tasks.o(.text) refers to timers.o(.text) for xTimerCreateTimerTask
    tasks.o(.text) refers to strlen.o(.text) for strlen
    timers.o(.text) refers to list.o(.text) for vListInsert
    timers.o(.text) refers to tasks.o(.text) for xTaskGetTickCount
    timers.o(.text) refers to heap_4.o(.text) for vPortFree
    timers.o(.text) refers to queue.o(.text) for xQueueReceive
    timers.o(.text) refers to port.o(.text) for vPortEnterCritical
    timers.o(.text) refers to timers.o(.data) for pxOverflowTimerList
    timers.o(.text) refers to timers.o(.bss) for xActiveTimerList1
    heap_4.o(.text) refers to tasks.o(.text) for vTaskSuspendAll
    heap_4.o(.text) refers to port.o(.text) for vPortEnterCritical
    heap_4.o(.text) refers to heap_4.o(.data) for xStart
    heap_4.o(.text) refers to heap_4.o(.bss) for ucHeap
    entry.o(.ARM.Collect$$$$00000000) refers (Special) to entry10a.o(.ARM.Collect$$$$0000000D) for __rt_final_cpp
    entry.o(.ARM.Collect$$$$00000000) refers (Special) to entry11a.o(.ARM.Collect$$$$0000000F) for __rt_final_exit
    entry.o(.ARM.Collect$$$$00000000) refers (Special) to entry7b.o(.ARM.Collect$$$$00000008) for _main_clock
    entry.o(.ARM.Collect$$$$00000000) refers (Special) to entry8b.o(.ARM.Collect$$$$0000000A) for _main_cpp_init
    entry.o(.ARM.Collect$$$$00000000) refers (Special) to entry9a.o(.ARM.Collect$$$$0000000B) for _main_init
    entry.o(.ARM.Collect$$$$00000000) refers (Special) to entry5.o(.ARM.Collect$$$$00000004) for _main_scatterload
    entry.o(.ARM.Collect$$$$00000000) refers (Special) to entry2.o(.ARM.Collect$$$$00000001) for _main_stk
    entry2.o(.ARM.Collect$$$$00000001) refers to entry2.o(.ARM.Collect$$$$00002712) for __lit__00000000
    entry2.o(.ARM.Collect$$$$00002712) refers to startup_tm4c123.o(STACK) for __initial_sp
    entry2.o(__vectab_stack_and_reset_area) refers to startup_tm4c123.o(STACK) for __initial_sp
    entry2.o(__vectab_stack_and_reset_area) refers to entry.o(.ARM.Collect$$$$00000000) for __main
    entry5.o(.ARM.Collect$$$$00000004) refers to init.o(.text) for __scatterload
    entry9a.o(.ARM.Collect$$$$0000000B) refers to main.o(.text) for main
    entry9b.o(.ARM.Collect$$$$0000000C) refers to main.o(.text) for main
    init.o(.text) refers to entry5.o(.ARM.Collect$$$$00000004) for __main_after_scatterload


==============================================================================

Removing Unused input sections from the image.

    Removing main.o(.bss), (24 bytes).
    Removing startup_tm4c123.o(HEAP), (0 bytes).
    Removing main_tasks.o(.bss), (24 bytes).
    Removing adc.o(.text), (1152 bytes).
    Removing adc.o(.data), (6 bytes).
    Removing aes.o(.text), (864 bytes).
    Removing can.o(.text), (1628 bytes).
    Removing can.o(.constdata), (32 bytes).
    Removing comp.o(.text), (162 bytes).
    Removing crc.o(.text), (102 bytes).
    Removing des.o(.text), (448 bytes).
    Removing eeprom.o(.text), (900 bytes).
    Removing emac.o(.text), (2292 bytes).
    Removing emac.o(.constdata), (24 bytes).
    Removing epi.o(.text), (792 bytes).
    Removing flash.o(.text), (724 bytes).
    Removing flash.o(.constdata), (128 bytes).
    Removing fpu.o(.text), (164 bytes).
    Removing hibernate.o(.text), (2004 bytes).
    Removing i2c.o(.text), (964 bytes).
    Removing i2c.o(.constdata), (128 bytes).
    Removing lcd.o(.text), (832 bytes).
    Removing mpu.o(.text), (180 bytes).
    Removing onewire.o(.text), (356 bytes).
    Removing pwm.o(.text), (1118 bytes).
    Removing qei.o(.text), (320 bytes).
    Removing shamd5.o(.text), (832 bytes).
    Removing ssi.o(.text), (492 bytes).
    Removing ssi.o(.constdata), (64 bytes).
    Removing sw_crc.o(.text), (724 bytes).
    Removing sw_crc.o(.constdata), (1792 bytes).
    Removing sysexc.o(.text), (156 bytes).
    Removing systick.o(.text), (156 bytes).
    Removing timer.o(.text), (804 bytes).
    Removing timer.o(.constdata), (160 bytes).
    Removing uart.o(.text), (824 bytes).
    Removing uart.o(.constdata), (128 bytes).
    Removing udma.o(.text), (816 bytes).
    Removing usb.o(.text), (3740 bytes).
    Removing watchdog.o(.text), (200 bytes).
    Removing event_groups.o(.text), (1224 bytes).
    Removing stream_buffer.o(.text), (2532 bytes).

42 unused section(s) (total 30012 bytes) removed from the image.

==============================================================================

Image Symbol Table

    Local Symbols

    Symbol Name                              Value     Ov Type        Size  Object(Section)

    RESET                                    0x00000000   Section      620  startup_tm4c123.o(RESET)
    ../clib/../cmprslib/zerorunl2.c          0x00000000   Number         0  __dczerorl2.o ABSOLUTE
    ../clib/microlib/init/entry.s            0x00000000   Number         0  entry8b.o ABSOLUTE
    ../clib/microlib/init/entry.s            0x00000000   Number         0  entry11a.o ABSOLUTE
    ../clib/microlib/init/entry.s            0x00000000   Number         0  entry11b.o ABSOLUTE
    ../clib/microlib/init/entry.s            0x00000000   Number         0  entry10b.o ABSOLUTE
    ../clib/microlib/init/entry.s            0x00000000   Number         0  entry2.o ABSOLUTE
    ../clib/microlib/init/entry.s            0x00000000   Number         0  entry5.o ABSOLUTE
    ../clib/microlib/init/entry.s            0x00000000   Number         0  entry8a.o ABSOLUTE
    ../clib/microlib/init/entry.s            0x00000000   Number         0  entry9a.o ABSOLUTE
    ../clib/microlib/init/entry.s            0x00000000   Number         0  entry9b.o ABSOLUTE
    ../clib/microlib/init/entry.s            0x00000000   Number         0  entry10a.o ABSOLUTE
    ../clib/microlib/init/entry.s            0x00000000   Number         0  entry7b.o ABSOLUTE
    ../clib/microlib/init/entry.s            0x00000000   Number         0  entry7a.o ABSOLUTE
    ../clib/microlib/init/entry.s            0x00000000   Number         0  entry.o ABSOLUTE
    ../clib/microlib/string/memcpy.c         0x00000000   Number         0  memcpya.o ABSOLUTE
    ../clib/microlib/string/memcpy.c         0x00000000   Number         0  memcpyb.o ABSOLUTE
    ../clib/microlib/string/memset.c         0x00000000   Number         0  memset.o ABSOLUTE
    ../clib/microlib/string/memset.c         0x00000000   Number         0  memseta.o ABSOLUTE
    ../clib/microlib/string/strlen.c         0x00000000   Number         0  strlen.o ABSOLUTE
    Main_Tasks.c                             0x00000000   Number         0  main_tasks.o ABSOLUTE
    MovReq_Execution.c                       0x00000000   Number         0  movreq_execution.o ABSOLUTE
    Process_Input.c                          0x00000000   Number         0  process_input.o ABSOLUTE
    app\main.c                               0x00000000   Number         0  main.o ABSOLUTE
    app\startup_TM4C123.s                    0x00000000   Number         0  startup_tm4c123.o ABSOLUTE
    dc.s                                     0x00000000   Number         0  dc.o ABSOLUTE
    driverlib\\cpu.c                         0x00000000   Number         0  cpu.o ABSOLUTE
    driverlib\\sysctl.c                      0x00000000   Number         0  sysctl.o ABSOLUTE
    driverlib\adc.c                          0x00000000   Number         0  adc.o ABSOLUTE
    driverlib\aes.c                          0x00000000   Number         0  aes.o ABSOLUTE
    driverlib\can.c                          0x00000000   Number         0  can.o ABSOLUTE
    driverlib\comp.c                         0x00000000   Number         0  comp.o ABSOLUTE
    driverlib\cpu.c                          0x00000000   Number         0  cpu.o ABSOLUTE
    driverlib\crc.c                          0x00000000   Number         0  crc.o ABSOLUTE
    driverlib\des.c                          0x00000000   Number         0  des.o ABSOLUTE
    driverlib\eeprom.c                       0x00000000   Number         0  eeprom.o ABSOLUTE
    driverlib\emac.c                         0x00000000   Number         0  emac.o ABSOLUTE
    driverlib\epi.c                          0x00000000   Number         0  epi.o ABSOLUTE
    driverlib\flash.c                        0x00000000   Number         0  flash.o ABSOLUTE
    driverlib\fpu.c                          0x00000000   Number         0  fpu.o ABSOLUTE
    driverlib\gpio.c                         0x00000000   Number         0  gpio.o ABSOLUTE
    driverlib\hibernate.c                    0x00000000   Number         0  hibernate.o ABSOLUTE
    driverlib\i2c.c                          0x00000000   Number         0  i2c.o ABSOLUTE
    driverlib\interrupt.c                    0x00000000   Number         0  interrupt.o ABSOLUTE
    driverlib\lcd.c                          0x00000000   Number         0  lcd.o ABSOLUTE
    driverlib\mpu.c                          0x00000000   Number         0  mpu.o ABSOLUTE
    driverlib\onewire.c                      0x00000000   Number         0  onewire.o ABSOLUTE
    driverlib\pwm.c                          0x00000000   Number         0  pwm.o ABSOLUTE
    driverlib\qei.c                          0x00000000   Number         0  qei.o ABSOLUTE
    driverlib\shamd5.c                       0x00000000   Number         0  shamd5.o ABSOLUTE
    driverlib\ssi.c                          0x00000000   Number         0  ssi.o ABSOLUTE
    driverlib\sw_crc.c                       0x00000000   Number         0  sw_crc.o ABSOLUTE
    driverlib\sysctl.c                       0x00000000   Number         0  sysctl.o ABSOLUTE
    driverlib\sysexc.c                       0x00000000   Number         0  sysexc.o ABSOLUTE
    driverlib\systick.c                      0x00000000   Number         0  systick.o ABSOLUTE
    driverlib\timer.c                        0x00000000   Number         0  timer.o ABSOLUTE
    driverlib\uart.c                         0x00000000   Number         0  uart.o ABSOLUTE
    driverlib\udma.c                         0x00000000   Number         0  udma.o ABSOLUTE
    driverlib\usb.c                          0x00000000   Number         0  usb.o ABSOLUTE
    driverlib\watchdog.c                     0x00000000   Number         0  watchdog.o ABSOLUTE
    handlers.s                               0x00000000   Number         0  handlers.o ABSOLUTE
    init.s                                   0x00000000   Number         0  init.o ABSOLUTE
    os\\port.c                               0x00000000   Number         0  port.o ABSOLUTE
    os\croutine.c                            0x00000000   Number         0  croutine.o ABSOLUTE
    os\event_groups.c                        0x00000000   Number         0  event_groups.o ABSOLUTE
    os\heap_4.c                              0x00000000   Number         0  heap_4.o ABSOLUTE
    os\list.c                                0x00000000   Number         0  list.o ABSOLUTE
    os\port.c                                0x00000000   Number         0  port.o ABSOLUTE
    os\queue.c                               0x00000000   Number         0  queue.o ABSOLUTE
    os\stream_buffer.c                       0x00000000   Number         0  stream_buffer.o ABSOLUTE
    os\tasks.c                               0x00000000   Number         0  tasks.o ABSOLUTE
    os\timers.c                              0x00000000   Number         0  timers.o ABSOLUTE
    pin_init.c                               0x00000000   Number         0  pin_init.o ABSOLUTE
    .ARM.Collect$$$$00000000                 0x0000026c   Section        0  entry.o(.ARM.Collect$$$$00000000)
    .ARM.Collect$$$$00000001                 0x0000026c   Section        4  entry2.o(.ARM.Collect$$$$00000001)
    .ARM.Collect$$$$00000004                 0x00000270   Section        4  entry5.o(.ARM.Collect$$$$00000004)
    .ARM.Collect$$$$00000008                 0x00000274   Section        0  entry7b.o(.ARM.Collect$$$$00000008)
    .ARM.Collect$$$$0000000A                 0x00000274   Section        0  entry8b.o(.ARM.Collect$$$$0000000A)
    .ARM.Collect$$$$0000000B                 0x00000274   Section        8  entry9a.o(.ARM.Collect$$$$0000000B)
    .ARM.Collect$$$$0000000D                 0x0000027c   Section        0  entry10a.o(.ARM.Collect$$$$0000000D)
    .ARM.Collect$$$$0000000F                 0x0000027c   Section        0  entry11a.o(.ARM.Collect$$$$0000000F)
    .ARM.Collect$$$$00002712                 0x0000027c   Section        4  entry2.o(.ARM.Collect$$$$00002712)
    __lit__00000000                          0x0000027c   Data           4  entry2.o(.ARM.Collect$$$$00002712)
    .emb_text                                0x00000280   Section       38  cpu.o(.emb_text)
    $v0                                      0x00000280   Number         0  cpu.o(.emb_text)
    .emb_text                                0x000002a8   Section        6  sysctl.o(.emb_text)
    $v0                                      0x000002a8   Number         0  sysctl.o(.emb_text)
    .emb_text                                0x000002b0   Section      190  port.o(.emb_text)
    $v0                                      0x000002b0   Number         0  port.o(.emb_text)
    .text                                    0x00000370   Section        0  main.o(.text)
    .text                                    0x000004f4   Section      252  startup_tm4c123.o(.text)
    $v0                                      0x000004f4   Number         0  startup_tm4c123.o(.text)
    .text                                    0x000005f0   Section        0  process_input.o(.text)
    .text                                    0x0000092c   Section        0  movreq_execution.o(.text)
    .text                                    0x000009e8   Section        0  main_tasks.o(.text)
    .text                                    0x00000b94   Section        0  pin_init.o(.text)
    .text                                    0x00000c64   Section        0  gpio.o(.text)
    _GPIOIntNumberGet                        0x00000c65   Thumb Code    56  gpio.o(.text)
    .text                                    0x000014a0   Section        0  interrupt.o(.text)
    _IntDefaultHandler                       0x000014a1   Thumb Code     4  interrupt.o(.text)
    .text                                    0x000017d0   Section        0  sysctl.o(.text)
    _SysCtlMemTimingGet                      0x000017d1   Thumb Code    36  sysctl.o(.text)
    _SysCtlFrequencyGet                      0x000017f5   Thumb Code    96  sysctl.o(.text)
    .text                                    0x000023bc   Section        0  list.o(.text)
    .text                                    0x00002450   Section        0  port.o(.text)
    prvTaskExitError                         0x00002451   Thumb Code    60  port.o(.text)
    .text                                    0x00002920   Section        0  queue.o(.text)
    prvInitialiseNewQueue                    0x000029f7   Thumb Code    46  queue.o(.text)
    prvCopyDataToQueue                       0x00002a8b   Thumb Code   126  queue.o(.text)
    prvNotifyQueueSetContainer               0x00002b09   Thumb Code   172  queue.o(.text)
    prvUnlockQueue                           0x00002bb5   Thumb Code   144  queue.o(.text)
    prvIsQueueFull                           0x00002c45   Thumb Code    30  queue.o(.text)
    prvInitialiseMutex                       0x00002e39   Thumb Code    30  queue.o(.text)
    prvGetDisinheritPriorityAfterTimeout     0x00002f1b   Thumb Code    20  queue.o(.text)
    prvIsQueueEmpty                          0x00002f2f   Thumb Code    26  queue.o(.text)
    prvCopyDataFromQueue                     0x000033d9   Thumb Code    42  queue.o(.text)
    .text                                    0x00003a64   Section        0  tasks.o(.text)
    prvInitialiseTaskLists                   0x00003a65   Thumb Code    70  tasks.o(.text)
    prvAddNewTaskToReadyList                 0x00003aab   Thumb Code   210  tasks.o(.text)
    prvInitialiseNewTask                     0x00003b7d   Thumb Code   228  tasks.o(.text)
    prvDeleteTCB                             0x00003cc1   Thumb Code    18  tasks.o(.text)
    prvResetNextTaskUnblockTime              0x00003cd3   Thumb Code    40  tasks.o(.text)
    prvAddCurrentTaskToDelayedList           0x00004107   Thumb Code   174  tasks.o(.text)
    prvTaskIsTaskSuspended                   0x00004691   Thumb Code   128  tasks.o(.text)
    prvGetExpectedIdleTime                   0x000048a5   Thumb Code    56  tasks.o(.text)
    prvCheckTasksWaitingTermination          0x000048dd   Thumb Code    60  tasks.o(.text)
    prvIdleTask                              0x00004919   Thumb Code   108  tasks.o(.text)
    prvSearchForNameWithinSingleList         0x00004a67   Thumb Code   254  tasks.o(.text)
    prvTaskCheckFreeStackSpace               0x00004bf3   Thumb Code    22  tasks.o(.text)
    prvListTasksWithinSingleList             0x00004c87   Thumb Code   106  tasks.o(.text)
    .text                                    0x00005ea4   Section        0  timers.o(.text)
    prvInsertTimerInActiveList               0x00005ea5   Thumb Code    80  timers.o(.text)
    prvReloadTimer                           0x00005ef5   Thumb Code    40  timers.o(.text)
    prvProcessExpiredTimer                   0x00005f1d   Thumb Code    62  timers.o(.text)
    prvSwitchTimerLists                      0x00005f5b   Thumb Code    58  timers.o(.text)
    prvSampleTimeNow                         0x00005f95   Thumb Code    40  timers.o(.text)
    prvProcessReceivedCommands               0x00005fbd   Thumb Code   326  timers.o(.text)
    prvProcessTimerOrBlockTask               0x00006103   Thumb Code   102  timers.o(.text)
    prvGetNextExpireTime                     0x00006169   Thumb Code    36  timers.o(.text)
    prvTimerTask                             0x0000618d   Thumb Code    26  timers.o(.text)
    prvCheckForValidListAndQueue             0x000061a7   Thumb Code    56  timers.o(.text)
    prvInitialiseNewTimer                    0x0000621f   Thumb Code    88  timers.o(.text)
    .text                                    0x00006584   Section        0  heap_4.o(.text)
    prvInsertBlockIntoFreeList               0x00006585   Thumb Code    96  heap_4.o(.text)
    prvHeapInit                              0x000065e5   Thumb Code    98  heap_4.o(.text)
    .text                                    0x000068c4   Section        0  memcpya.o(.text)
    .text                                    0x000068e8   Section        0  memseta.o(.text)
    .text                                    0x0000690c   Section        0  strlen.o(.text)
    .text                                    0x0000691c   Section       36  init.o(.text)
    .text                                    0x00006940   Section        0  __dczerorl2.o(.text)
    i.__scatterload_copy                     0x00006996   Section       14  handlers.o(i.__scatterload_copy)
    i.__scatterload_null                     0x000069a4   Section        2  handlers.o(i.__scatterload_null)
    i.__scatterload_zeroinit                 0x000069a6   Section       14  handlers.o(i.__scatterload_zeroinit)
    .constdata                               0x000069b4   Section      552  gpio.o(.constdata)
    g_ppui32GPIOIntMapBlizzard               0x000069b4   Data         192  gpio.o(.constdata)
    g_ppui32GPIOIntMapSnowflake              0x00006a74   Data         216  gpio.o(.constdata)
    g_pui32GPIOBaseAddrs                     0x00006b4c   Data         144  gpio.o(.constdata)
    .constdata                               0x00006bdc   Section      268  interrupt.o(.constdata)
    g_pui32Priority                          0x00006bdc   Data          32  interrupt.o(.constdata)
    g_pui32Regs                              0x00006bfc   Data         156  interrupt.o(.constdata)
    g_pui32EnRegs                            0x00006c98   Data          20  interrupt.o(.constdata)
    g_pui32Dii16Regs                         0x00006cac   Data          20  interrupt.o(.constdata)
    g_pui32PendRegs                          0x00006cc0   Data          20  interrupt.o(.constdata)
    g_pui32UnpendRegs                        0x00006cd4   Data          20  interrupt.o(.constdata)
    .constdata                               0x00006ce8   Section      596  sysctl.o(.constdata)
    g_pui32Xtals                             0x00006ce8   Data         108  sysctl.o(.constdata)
    g_pppui32XTALtoVCO                       0x00006d54   Data         432  sysctl.o(.constdata)
    g_sXTALtoMEMTIM                          0x00006f04   Data          48  sysctl.o(.constdata)
    g_pui32VCOFrequencies                    0x00006f34   Data           8  sysctl.o(.constdata)
    .data                                    0x20000000   Section        6  main.o(.data)
    .data                                    0x20000008   Section       26  process_input.o(.data)
    .data                                    0x20000024   Section       24  port.o(.data)
    uxCriticalNesting                        0x20000024   Data           4  port.o(.data)
    ulTimerCountsForOneTick                  0x20000028   Data           4  port.o(.data)
    xMaximumPossibleSuppressedTicks          0x2000002c   Data           4  port.o(.data)
    ulStoppedTimerCompensation               0x20000030   Data           4  port.o(.data)
    ucMaxSysCallPriority                     0x20000034   Data           1  port.o(.data)
    ulMaxPRIGROUPValue                       0x20000038   Data           4  port.o(.data)
    .data                                    0x2000003c   Section       64  tasks.o(.data)
    pxDelayedTaskList                        0x20000040   Data           4  tasks.o(.data)
    pxOverflowDelayedTaskList                0x20000044   Data           4  tasks.o(.data)
    uxDeletedTasksWaitingCleanUp             0x20000048   Data           4  tasks.o(.data)
    uxCurrentNumberOfTasks                   0x2000004c   Data           4  tasks.o(.data)
    xTickCount                               0x20000050   Data           4  tasks.o(.data)
    uxTopReadyPriority                       0x20000054   Data           4  tasks.o(.data)
    xSchedulerRunning                        0x20000058   Data           4  tasks.o(.data)
    xPendedTicks                             0x2000005c   Data           4  tasks.o(.data)
    xYieldPending                            0x20000060   Data           4  tasks.o(.data)
    xNumOfOverflows                          0x20000064   Data           4  tasks.o(.data)
    uxTaskNumber                             0x20000068   Data           4  tasks.o(.data)
    xNextTaskUnblockTime                     0x2000006c   Data           4  tasks.o(.data)
    xIdleTaskHandle                          0x20000070   Data           4  tasks.o(.data)
    uxSchedulerSuspended                     0x20000078   Data           4  tasks.o(.data)
    .data                                    0x2000007c   Section       20  timers.o(.data)
    pxCurrentTimerList                       0x2000007c   Data           4  timers.o(.data)
    pxOverflowTimerList                      0x20000080   Data           4  timers.o(.data)
    xTimerQueue                              0x20000084   Data           4  timers.o(.data)
    xTimerTaskHandle                         0x20000088   Data           4  timers.o(.data)
    xLastTime                                0x2000008c   Data           4  timers.o(.data)
    .data                                    0x20000090   Section       32  heap_4.o(.data)
    xStart                                   0x20000090   Data           8  heap_4.o(.data)
    pxEnd                                    0x20000098   Data           4  heap_4.o(.data)
    xFreeBytesRemaining                      0x2000009c   Data           4  heap_4.o(.data)
    xMinimumEverFreeBytesRemaining           0x200000a0   Data           4  heap_4.o(.data)
    xNumberOfSuccessfulAllocations           0x200000a4   Data           4  heap_4.o(.data)
    xNumberOfSuccessfulFrees                 0x200000a8   Data           4  heap_4.o(.data)
    xBlockAllocatedBit                       0x200000ac   Data           4  heap_4.o(.data)
    vtable                                   0x20000400   Section      620  interrupt.o(vtable)
    g_pfnRAMVectors                          0x20000400   Data         620  interrupt.o(vtable)
    .bss                                     0x2000066c   Section       24  process_input.o(.bss)
    ProcessInput_movingRequest               0x2000066c   Data          12  process_input.o(.bss)
    MovReqExecution_movingRequest            0x20000678   Data          12  process_input.o(.bss)
    .bss                                     0x20000684   Section       24  movreq_execution.o(.bss)
    ProcessInput_movingRequest               0x20000684   Data          12  movreq_execution.o(.bss)
    MovReqExecution_movingRequest            0x20000690   Data          12  movreq_execution.o(.bss)
    .bss                                     0x2000069c   Section      200  tasks.o(.bss)
    pxReadyTasksLists                        0x2000069c   Data         100  tasks.o(.bss)
    xDelayedTaskList1                        0x20000700   Data          20  tasks.o(.bss)
    xDelayedTaskList2                        0x20000714   Data          20  tasks.o(.bss)
    xPendingReadyList                        0x20000728   Data          20  tasks.o(.bss)
    xTasksWaitingTermination                 0x2000073c   Data          20  tasks.o(.bss)
    xSuspendedTaskList                       0x20000750   Data          20  tasks.o(.bss)
    .bss                                     0x20000764   Section       40  timers.o(.bss)
    xActiveTimerList1                        0x20000764   Data          20  timers.o(.bss)
    xActiveTimerList2                        0x20000778   Data          20  timers.o(.bss)
    .bss                                     0x2000078c   Section    20384  heap_4.o(.bss)
    ucHeap                                   0x2000078c   Data       20384  heap_4.o(.bss)
    STACK                                    0x20005730   Section      512  startup_tm4c123.o(STACK)

    Global Symbols

    Symbol Name                              Value     Ov Type        Size  Object(Section)

    BuildAttributes$$THM_ISAv4$E$P$D$K$B$S$7EM$VFPi3$EXTD16$VFPS$VFMA$PE$A:L22UL41UL21$X:L11$S22US41US21$IEEE1$IW$USESV6$~STKCKD$USESV7$~SHL$OSPACE$EBA8$MICROLIB$REQ8$PRES8$EABIv2 0x00000000   Number         0  anon$$obj.o ABSOLUTE
    __ARM_use_no_argv                        0x00000000   Number         0  main.o ABSOLUTE
    __Vectors                                0x00000000   Data           4  startup_tm4c123.o(RESET)
    __cpp_initialize__aeabi_                  - Undefined Weak Reference
    __cxa_finalize                            - Undefined Weak Reference
    _clock_init                               - Undefined Weak Reference
    _microlib_exit                            - Undefined Weak Reference
    __Vectors_End                            0x0000026c   Data           0  startup_tm4c123.o(RESET)
    __Vectors_Size                           0x0000026c   Number         0  startup_tm4c123.o ABSOLUTE
    __main                                   0x0000026d   Thumb Code     0  entry.o(.ARM.Collect$$$$00000000)
    _main_stk                                0x0000026d   Thumb Code     0  entry2.o(.ARM.Collect$$$$00000001)
    _main_scatterload                        0x00000271   Thumb Code     0  entry5.o(.ARM.Collect$$$$00000004)
    __main_after_scatterload                 0x00000275   Thumb Code     0  entry5.o(.ARM.Collect$$$$00000004)
    _main_clock                              0x00000275   Thumb Code     0  entry7b.o(.ARM.Collect$$$$00000008)
    _main_cpp_init                           0x00000275   Thumb Code     0  entry8b.o(.ARM.Collect$$$$0000000A)
    _main_init                               0x00000275   Thumb Code     0  entry9a.o(.ARM.Collect$$$$0000000B)
    __rt_final_cpp                           0x0000027d   Thumb Code     0  entry10a.o(.ARM.Collect$$$$0000000D)
    __rt_final_exit                          0x0000027d   Thumb Code     0  entry11a.o(.ARM.Collect$$$$0000000F)
    CPUcpsid                                 0x00000281   Thumb Code     8  cpu.o(.emb_text)
    CPUprimask                               0x00000289   Thumb Code     6  cpu.o(.emb_text)
    CPUcpsie                                 0x0000028f   Thumb Code     8  cpu.o(.emb_text)
    CPUwfi                                   0x00000297   Thumb Code     4  cpu.o(.emb_text)
    CPUbasepriSet                            0x0000029b   Thumb Code     6  cpu.o(.emb_text)
    CPUbasepriGet                            0x000002a1   Thumb Code     6  cpu.o(.emb_text)
    SysCtlDelay                              0x000002a9   Thumb Code     6  sysctl.o(.emb_text)
    SVC_Handler                              0x000002b1   Thumb Code    28  port.o(.emb_text)
    __asm___6_port_c_39a90d8d__prvStartFirstTask 0x000002d1   Thumb Code    36  port.o(.emb_text)
    __asm___6_port_c_39a90d8d__prvEnableVFP  0x000002f9   Thumb Code    16  port.o(.emb_text)
    PendSV_Handler                           0x0000030d   Thumb Code    88  port.o(.emb_text)
    vPortGetIPSR                             0x00000369   Thumb Code     6  port.o(.emb_text)
    SystemInit                               0x00000371   Thumb Code     2  main.o(.text)
    main                                     0x00000373   Thumb Code   222  main.o(.text)
    Reset_Handler                            0x000004f5   Thumb Code     8  startup_tm4c123.o(.text)
    NMI_Handler                              0x000004fd   Thumb Code     2  startup_tm4c123.o(.text)
    HardFault_Handler                        0x000004ff   Thumb Code     2  startup_tm4c123.o(.text)
    MemManage_Handler                        0x00000501   Thumb Code     2  startup_tm4c123.o(.text)
    BusFault_Handler                         0x00000503   Thumb Code     2  startup_tm4c123.o(.text)
    UsageFault_Handler                       0x00000505   Thumb Code     2  startup_tm4c123.o(.text)
    DebugMon_Handler                         0x00000509   Thumb Code     2  startup_tm4c123.o(.text)
    GPIOA_Handler                            0x0000050f   Thumb Code     2  startup_tm4c123.o(.text)
    GPIOB_Handler                            0x00000511   Thumb Code     2  startup_tm4c123.o(.text)
    GPIOC_Handler                            0x00000513   Thumb Code     2  startup_tm4c123.o(.text)
    GPIOD_Handler                            0x00000515   Thumb Code     2  startup_tm4c123.o(.text)
    GPIOE_Handler                            0x00000517   Thumb Code     2  startup_tm4c123.o(.text)
    UART0_Handler                            0x00000519   Thumb Code     2  startup_tm4c123.o(.text)
    UART1_Handler                            0x0000051b   Thumb Code     2  startup_tm4c123.o(.text)
    SSI0_Handler                             0x0000051d   Thumb Code     2  startup_tm4c123.o(.text)
    I2C0_Handler                             0x0000051f   Thumb Code     2  startup_tm4c123.o(.text)
    PMW0_FAULT_Handler                       0x00000521   Thumb Code     2  startup_tm4c123.o(.text)
    PWM0_0_Handler                           0x00000523   Thumb Code     2  startup_tm4c123.o(.text)
    PWM0_1_Handler                           0x00000525   Thumb Code     2  startup_tm4c123.o(.text)
    PWM0_2_Handler                           0x00000527   Thumb Code     2  startup_tm4c123.o(.text)
    QEI0_Handler                             0x00000529   Thumb Code     2  startup_tm4c123.o(.text)
    ADC0SS0_Handler                          0x0000052b   Thumb Code     2  startup_tm4c123.o(.text)
    ADC0SS1_Handler                          0x0000052d   Thumb Code     2  startup_tm4c123.o(.text)
    ADC0SS2_Handler                          0x0000052f   Thumb Code     2  startup_tm4c123.o(.text)
    ADC0SS3_Handler                          0x00000531   Thumb Code     2  startup_tm4c123.o(.text)
    WDT0_Handler                             0x00000533   Thumb Code     2  startup_tm4c123.o(.text)
    TIMER0A_Handler                          0x00000535   Thumb Code     2  startup_tm4c123.o(.text)
    TIMER0B_Handler                          0x00000537   Thumb Code     2  startup_tm4c123.o(.text)
    TIMER1A_Handler                          0x00000539   Thumb Code     2  startup_tm4c123.o(.text)
    TIMER1B_Handler                          0x0000053b   Thumb Code     2  startup_tm4c123.o(.text)
    TIMER2A_Handler                          0x0000053d   Thumb Code     2  startup_tm4c123.o(.text)
    TIMER2B_Handler                          0x0000053f   Thumb Code     2  startup_tm4c123.o(.text)
    COMP0_Handler                            0x00000541   Thumb Code     2  startup_tm4c123.o(.text)
    COMP1_Handler                            0x00000543   Thumb Code     2  startup_tm4c123.o(.text)
    COMP2_Handler                            0x00000545   Thumb Code     2  startup_tm4c123.o(.text)
    SYSCTL_Handler                           0x00000547   Thumb Code     2  startup_tm4c123.o(.text)
    FLASH_Handler                            0x00000549   Thumb Code     2  startup_tm4c123.o(.text)
    GPIOF_Handler                            0x0000054b   Thumb Code     2  startup_tm4c123.o(.text)
    GPIOG_Handler                            0x0000054d   Thumb Code     2  startup_tm4c123.o(.text)
    GPIOH_Handler                            0x0000054f   Thumb Code     2  startup_tm4c123.o(.text)
    UART2_Handler                            0x00000551   Thumb Code     2  startup_tm4c123.o(.text)
    SSI1_Handler                             0x00000553   Thumb Code     2  startup_tm4c123.o(.text)
    TIMER3A_Handler                          0x00000555   Thumb Code     2  startup_tm4c123.o(.text)
    TIMER3B_Handler                          0x00000557   Thumb Code     2  startup_tm4c123.o(.text)
    I2C1_Handler                             0x00000559   Thumb Code     2  startup_tm4c123.o(.text)
    QEI1_Handler                             0x0000055b   Thumb Code     2  startup_tm4c123.o(.text)
    CAN0_Handler                             0x0000055d   Thumb Code     2  startup_tm4c123.o(.text)
    CAN1_Handler                             0x0000055f   Thumb Code     2  startup_tm4c123.o(.text)
    CAN2_Handler                             0x00000561   Thumb Code     2  startup_tm4c123.o(.text)
    HIB_Handler                              0x00000563   Thumb Code     2  startup_tm4c123.o(.text)
    USB0_Handler                             0x00000565   Thumb Code     2  startup_tm4c123.o(.text)
    PWM0_3_Handler                           0x00000567   Thumb Code     2  startup_tm4c123.o(.text)
    UDMA_Handler                             0x00000569   Thumb Code     2  startup_tm4c123.o(.text)
    UDMAERR_Handler                          0x0000056b   Thumb Code     2  startup_tm4c123.o(.text)
    ADC1SS0_Handler                          0x0000056d   Thumb Code     2  startup_tm4c123.o(.text)
    ADC1SS1_Handler                          0x0000056f   Thumb Code     2  startup_tm4c123.o(.text)
    ADC1SS2_Handler                          0x00000571   Thumb Code     2  startup_tm4c123.o(.text)
    ADC1SS3_Handler                          0x00000573   Thumb Code     2  startup_tm4c123.o(.text)
    GPIOJ_Handler                            0x00000575   Thumb Code     2  startup_tm4c123.o(.text)
    GPIOK_Handler                            0x00000577   Thumb Code     2  startup_tm4c123.o(.text)
    GPIOL_Handler                            0x00000579   Thumb Code     2  startup_tm4c123.o(.text)
    SSI2_Handler                             0x0000057b   Thumb Code     2  startup_tm4c123.o(.text)
    SSI3_Handler                             0x0000057d   Thumb Code     2  startup_tm4c123.o(.text)
    UART3_Handler                            0x0000057f   Thumb Code     2  startup_tm4c123.o(.text)
    UART4_Handler                            0x00000581   Thumb Code     2  startup_tm4c123.o(.text)
    UART5_Handler                            0x00000583   Thumb Code     2  startup_tm4c123.o(.text)
    UART6_Handler                            0x00000585   Thumb Code     2  startup_tm4c123.o(.text)
    UART7_Handler                            0x00000587   Thumb Code     2  startup_tm4c123.o(.text)
    I2C2_Handler                             0x00000589   Thumb Code     2  startup_tm4c123.o(.text)
    I2C3_Handler                             0x0000058b   Thumb Code     2  startup_tm4c123.o(.text)
    TIMER4A_Handler                          0x0000058d   Thumb Code     2  startup_tm4c123.o(.text)
    TIMER4B_Handler                          0x0000058f   Thumb Code     2  startup_tm4c123.o(.text)
    TIMER5A_Handler                          0x00000591   Thumb Code     2  startup_tm4c123.o(.text)
    TIMER5B_Handler                          0x00000593   Thumb Code     2  startup_tm4c123.o(.text)
    WTIMER0A_Handler                         0x00000595   Thumb Code     2  startup_tm4c123.o(.text)
    WTIMER0B_Handler                         0x00000597   Thumb Code     2  startup_tm4c123.o(.text)
    WTIMER1A_Handler                         0x00000599   Thumb Code     2  startup_tm4c123.o(.text)
    WTIMER1B_Handler                         0x0000059b   Thumb Code     2  startup_tm4c123.o(.text)
    WTIMER2A_Handler                         0x0000059d   Thumb Code     2  startup_tm4c123.o(.text)
    WTIMER2B_Handler                         0x0000059f   Thumb Code     2  startup_tm4c123.o(.text)
    WTIMER3A_Handler                         0x000005a1   Thumb Code     2  startup_tm4c123.o(.text)
    WTIMER3B_Handler                         0x000005a3   Thumb Code     2  startup_tm4c123.o(.text)
    WTIMER4A_Handler                         0x000005a5   Thumb Code     2  startup_tm4c123.o(.text)
    WTIMER4B_Handler                         0x000005a7   Thumb Code     2  startup_tm4c123.o(.text)
    WTIMER5A_Handler                         0x000005a9   Thumb Code     2  startup_tm4c123.o(.text)
    WTIMER5B_Handler                         0x000005ab   Thumb Code     2  startup_tm4c123.o(.text)
    FPU_Handler                              0x000005ad   Thumb Code     2  startup_tm4c123.o(.text)
    I2C4_Handler                             0x000005af   Thumb Code     2  startup_tm4c123.o(.text)
    I2C5_Handler                             0x000005b1   Thumb Code     2  startup_tm4c123.o(.text)
    GPIOM_Handler                            0x000005b3   Thumb Code     2  startup_tm4c123.o(.text)
    GPION_Handler                            0x000005b5   Thumb Code     2  startup_tm4c123.o(.text)
    QEI2_Handler                             0x000005b7   Thumb Code     2  startup_tm4c123.o(.text)
    GPIOP0_Handler                           0x000005b9   Thumb Code     2  startup_tm4c123.o(.text)
    GPIOP1_Handler                           0x000005bb   Thumb Code     2  startup_tm4c123.o(.text)
    GPIOP2_Handler                           0x000005bd   Thumb Code     2  startup_tm4c123.o(.text)
    GPIOP3_Handler                           0x000005bf   Thumb Code     2  startup_tm4c123.o(.text)
    GPIOP4_Handler                           0x000005c1   Thumb Code     2  startup_tm4c123.o(.text)
    GPIOP5_Handler                           0x000005c3   Thumb Code     2  startup_tm4c123.o(.text)
    GPIOP6_Handler                           0x000005c5   Thumb Code     2  startup_tm4c123.o(.text)
    GPIOP7_Handler                           0x000005c7   Thumb Code     2  startup_tm4c123.o(.text)
    GPIOQ0_Handler                           0x000005c9   Thumb Code     2  startup_tm4c123.o(.text)
    GPIOQ1_Handler                           0x000005cb   Thumb Code     2  startup_tm4c123.o(.text)
    GPIOQ2_Handler                           0x000005cd   Thumb Code     2  startup_tm4c123.o(.text)
    GPIOQ3_Handler                           0x000005cf   Thumb Code     2  startup_tm4c123.o(.text)
    GPIOQ4_Handler                           0x000005d1   Thumb Code     2  startup_tm4c123.o(.text)
    GPIOQ5_Handler                           0x000005d3   Thumb Code     2  startup_tm4c123.o(.text)
    GPIOQ6_Handler                           0x000005d5   Thumb Code     2  startup_tm4c123.o(.text)
    GPIOQ7_Handler                           0x000005d7   Thumb Code     2  startup_tm4c123.o(.text)
    GPIOR_Handler                            0x000005d9   Thumb Code     2  startup_tm4c123.o(.text)
    GPIOS_Handler                            0x000005db   Thumb Code     2  startup_tm4c123.o(.text)
    PMW1_0_Handler                           0x000005dd   Thumb Code     2  startup_tm4c123.o(.text)
    PWM1_1_Handler                           0x000005df   Thumb Code     2  startup_tm4c123.o(.text)
    PWM1_2_Handler                           0x000005e1   Thumb Code     2  startup_tm4c123.o(.text)
    PWM1_3_Handler                           0x000005e3   Thumb Code     2  startup_tm4c123.o(.text)
    PWM1_FAULT_Handler                       0x000005e5   Thumb Code     2  startup_tm4c123.o(.text)
    TASK_ProcessInput                        0x000005f1   Thumb Code   776  process_input.o(.text)
    TASK_MovReqExecution                     0x0000092d   Thumb Code   174  movreq_execution.o(.text)
    Task_WND_LS                              0x000009e9   Thumb Code    82  main_tasks.o(.text)
    Task_JAM_LS                              0x00000a3b   Thumb Code    46  main_tasks.o(.text)
    Task_LOCK_BTN                            0x00000a69   Thumb Code    58  main_tasks.o(.text)
    Task_PASS_PB                             0x00000aa3   Thumb Code    74  main_tasks.o(.text)
    Task_DRVR_PB                             0x00000aed   Thumb Code    78  main_tasks.o(.text)
    Task_DRVR_AUTO                           0x00000b3b   Thumb Code    78  main_tasks.o(.text)
    setup_gpio_pins                          0x00000b95   Thumb Code   190  pin_init.o(.text)
    GPIODirModeSet                           0x00000c9d   Thumb Code    50  gpio.o(.text)
    GPIODirModeGet                           0x00000ccf   Thumb Code    46  gpio.o(.text)
    GPIOIntTypeSet                           0x00000cfd   Thumb Code   102  gpio.o(.text)
    GPIOIntTypeGet                           0x00000d63   Thumb Code    84  gpio.o(.text)
    GPIOPadConfigSet                         0x00000db7   Thumb Code   384  gpio.o(.text)
    GPIOPadConfigGet                         0x00000f37   Thumb Code   232  gpio.o(.text)
    GPIOIntEnable                            0x0000101f   Thumb Code    12  gpio.o(.text)
    GPIOIntDisable                           0x0000102b   Thumb Code    12  gpio.o(.text)
    GPIOIntStatus                            0x00001037   Thumb Code    42  gpio.o(.text)
    GPIOIntClear                             0x00001061   Thumb Code     6  gpio.o(.text)
    GPIOIntRegister                          0x00001067   Thumb Code    30  gpio.o(.text)
    GPIOIntUnregister                        0x00001085   Thumb Code    26  gpio.o(.text)
    GPIOIntRegisterPin                       0x0000109f   Thumb Code    36  gpio.o(.text)
    GPIOIntUnregisterPin                     0x000010c3   Thumb Code    28  gpio.o(.text)
    GPIOPinRead                              0x000010df   Thumb Code    12  gpio.o(.text)
    GPIOPinWrite                             0x000010eb   Thumb Code    10  gpio.o(.text)
    GPIOPinTypeADC                           0x000010f5   Thumb Code    30  gpio.o(.text)
    GPIOPinTypeCAN                           0x00001113   Thumb Code    30  gpio.o(.text)
    GPIOPinTypeComparator                    0x00001131   Thumb Code    30  gpio.o(.text)
    GPIOPinTypeComparatorOutput              0x0000114f   Thumb Code    30  gpio.o(.text)
    GPIOPinTypeDIVSCLK                       0x0000116d   Thumb Code    30  gpio.o(.text)
    GPIOPinTypeEPI                           0x0000118b   Thumb Code    30  gpio.o(.text)
    GPIOPinTypeEthernetLED                   0x000011a9   Thumb Code    30  gpio.o(.text)
    GPIOPinTypeEthernetMII                   0x000011c7   Thumb Code    30  gpio.o(.text)
    GPIOPinTypeGPIOInput                     0x000011e5   Thumb Code    30  gpio.o(.text)
    GPIOPinTypeGPIOOutput                    0x00001203   Thumb Code    30  gpio.o(.text)
    GPIOPinTypeGPIOOutputOD                  0x00001221   Thumb Code    30  gpio.o(.text)
    GPIOPinTypeHibernateRTCCLK               0x0000123f   Thumb Code    30  gpio.o(.text)
    GPIOPinTypeI2C                           0x0000125d   Thumb Code    30  gpio.o(.text)
    GPIOPinTypeI2CSCL                        0x0000127b   Thumb Code    30  gpio.o(.text)
    GPIOPinTypeLCD                           0x00001299   Thumb Code    30  gpio.o(.text)
    GPIOPinTypeOneWire                       0x000012b7   Thumb Code    30  gpio.o(.text)
    GPIOPinTypePWM                           0x000012d5   Thumb Code    30  gpio.o(.text)
    GPIOPinTypeQEI                           0x000012f3   Thumb Code    30  gpio.o(.text)
    GPIOPinTypeSSI                           0x00001311   Thumb Code    30  gpio.o(.text)
    GPIOPinTypeTimer                         0x0000132f   Thumb Code    30  gpio.o(.text)
    GPIOPinTypeTrace                         0x0000134d   Thumb Code    30  gpio.o(.text)
    GPIOPinTypeUART                          0x0000136b   Thumb Code    30  gpio.o(.text)
    GPIOPinTypeUSBAnalog                     0x00001389   Thumb Code    30  gpio.o(.text)
    GPIOPinTypeUSBDigital                    0x000013a7   Thumb Code    30  gpio.o(.text)
    GPIOPinTypeWakeHigh                      0x000013c5   Thumb Code    32  gpio.o(.text)
    GPIOPinTypeWakeLow                       0x000013e5   Thumb Code    32  gpio.o(.text)
    GPIOPinWakeStatus                        0x00001405   Thumb Code     8  gpio.o(.text)
    GPIOPinConfigure                         0x0000140d   Thumb Code    70  gpio.o(.text)
    GPIODMATriggerEnable                     0x00001453   Thumb Code    12  gpio.o(.text)
    GPIODMATriggerDisable                    0x0000145f   Thumb Code    12  gpio.o(.text)
    GPIOADCTriggerEnable                     0x0000146b   Thumb Code    12  gpio.o(.text)
    GPIOADCTriggerDisable                    0x00001477   Thumb Code    12  gpio.o(.text)
    GPIOUnlockPin                            0x00001483   Thumb Code    18  gpio.o(.text)
    IntMasterEnable                          0x000014a5   Thumb Code    16  interrupt.o(.text)
    IntMasterDisable                         0x000014b5   Thumb Code    16  interrupt.o(.text)
    IntRegister                              0x000014c5   Thumb Code    52  interrupt.o(.text)
    IntUnregister                            0x000014f9   Thumb Code    10  interrupt.o(.text)
    IntPriorityGroupingSet                   0x00001503   Thumb Code    18  interrupt.o(.text)
    IntPriorityGroupingGet                   0x00001515   Thumb Code    36  interrupt.o(.text)
    IntPrioritySet                           0x00001539   Thumb Code    46  interrupt.o(.text)
    IntPriorityGet                           0x00001567   Thumb Code    22  interrupt.o(.text)
    IntEnable                                0x0000157d   Thumb Code   120  interrupt.o(.text)
    IntDisable                               0x000015f5   Thumb Code   120  interrupt.o(.text)
    IntIsEnabled                             0x0000166d   Thumb Code   106  interrupt.o(.text)
    IntPendSet                               0x000016d7   Thumb Code    98  interrupt.o(.text)
    IntPendClear                             0x00001739   Thumb Code    76  interrupt.o(.text)
    IntPriorityMaskSet                       0x00001785   Thumb Code    12  interrupt.o(.text)
    IntPriorityMaskGet                       0x00001791   Thumb Code     8  interrupt.o(.text)
    IntTrigger                               0x00001799   Thumb Code    10  interrupt.o(.text)
    SysCtlSRAMSizeGet                        0x00001855   Thumb Code    12  sysctl.o(.text)
    SysCtlFlashSizeGet                       0x00001861   Thumb Code    42  sysctl.o(.text)
    SysCtlFlashSectorSizeGet                 0x0000188b   Thumb Code    40  sysctl.o(.text)
    SysCtlPeripheralPresent                  0x000018b3   Thumb Code    52  sysctl.o(.text)
    SysCtlPeripheralReady                    0x000018e7   Thumb Code    52  sysctl.o(.text)
    SysCtlPeripheralPowerOn                  0x0000191b   Thumb Code    46  sysctl.o(.text)
    SysCtlPeripheralPowerOff                 0x00001949   Thumb Code    46  sysctl.o(.text)
    SysCtlPeripheralReset                    0x00001977   Thumb Code   106  sysctl.o(.text)
    SysCtlPeripheralEnable                   0x000019e1   Thumb Code    46  sysctl.o(.text)
    SysCtlPeripheralDisable                  0x00001a0f   Thumb Code    46  sysctl.o(.text)
    SysCtlPeripheralSleepEnable              0x00001a3d   Thumb Code    46  sysctl.o(.text)
    SysCtlPeripheralSleepDisable             0x00001a6b   Thumb Code    46  sysctl.o(.text)
    SysCtlPeripheralDeepSleepEnable          0x00001a99   Thumb Code    46  sysctl.o(.text)
    SysCtlPeripheralDeepSleepDisable         0x00001ac7   Thumb Code    46  sysctl.o(.text)
    SysCtlPeripheralClockGating              0x00001af5   Thumb Code    82  sysctl.o(.text)
    SysCtlIntRegister                        0x00001b47   Thumb Code    20  sysctl.o(.text)
    SysCtlIntUnregister                      0x00001b5b   Thumb Code    16  sysctl.o(.text)
    SysCtlIntEnable                          0x00001b6b   Thumb Code    12  sysctl.o(.text)
    SysCtlIntDisable                         0x00001b77   Thumb Code    12  sysctl.o(.text)
    SysCtlIntClear                           0x00001b83   Thumb Code     6  sysctl.o(.text)
    SysCtlIntStatus                          0x00001b89   Thumb Code    16  sysctl.o(.text)
    SysCtlLDOSleepSet                        0x00001b99   Thumb Code     6  sysctl.o(.text)
    SysCtlLDOSleepGet                        0x00001b9f   Thumb Code     6  sysctl.o(.text)
    SysCtlLDODeepSleepSet                    0x00001ba5   Thumb Code     8  sysctl.o(.text)
    SysCtlLDODeepSleepGet                    0x00001bad   Thumb Code    60  sysctl.o(.text)
    SysCtlSleepPowerSet                      0x00001be9   Thumb Code     6  sysctl.o(.text)
    SysCtlDeepSleepPowerSet                  0x00001bef   Thumb Code     8  sysctl.o(.text)
    SysCtlReset                              0x00001bf7   Thumb Code    10  sysctl.o(.text)
    SysCtlSleep                              0x00001c01   Thumb Code     8  sysctl.o(.text)
    SysCtlDeepSleep                          0x00001c09   Thumb Code    40  sysctl.o(.text)
    SysCtlResetCauseGet                      0x00001c31   Thumb Code     6  sysctl.o(.text)
    SysCtlResetCauseClear                    0x00001c37   Thumb Code    12  sysctl.o(.text)
    SysCtlMOSCConfigSet                      0x00001c43   Thumb Code     6  sysctl.o(.text)
    SysCtlPIOSCCalibrate                     0x00001c49   Thumb Code    82  sysctl.o(.text)
    SysCtlResetBehaviorSet                   0x00001c9b   Thumb Code     8  sysctl.o(.text)
    SysCtlResetBehaviorGet                   0x00001ca3   Thumb Code     8  sysctl.o(.text)
    SysCtlClockFreqSet                       0x00001cab   Thumb Code   666  sysctl.o(.text)
    SysCtlClockSet                           0x00001f45   Thumb Code   342  sysctl.o(.text)
    SysCtlClockGet                           0x0000209b   Thumb Code   326  sysctl.o(.text)
    SysCtlDeepSleepClockSet                  0x000021e1   Thumb Code     8  sysctl.o(.text)
    SysCtlDeepSleepClockConfigSet            0x000021e9   Thumb Code   110  sysctl.o(.text)
    SysCtlPWMClockSet                        0x00002257   Thumb Code    16  sysctl.o(.text)
    SysCtlPWMClockGet                        0x00002267   Thumb Code    24  sysctl.o(.text)
    SysCtlGPIOAHBEnable                      0x0000227f   Thumb Code    20  sysctl.o(.text)
    SysCtlGPIOAHBDisable                     0x00002293   Thumb Code    20  sysctl.o(.text)
    SysCtlUSBPLLEnable                       0x000022a7   Thumb Code    14  sysctl.o(.text)
    SysCtlUSBPLLDisable                      0x000022b5   Thumb Code    14  sysctl.o(.text)
    SysCtlVoltageEventConfig                 0x000022c3   Thumb Code     6  sysctl.o(.text)
    SysCtlVoltageEventStatus                 0x000022c9   Thumb Code     6  sysctl.o(.text)
    SysCtlVoltageEventClear                  0x000022cf   Thumb Code    12  sysctl.o(.text)
    SysCtlVCOGet                             0x000022db   Thumb Code   130  sysctl.o(.text)
    SysCtlNMIStatus                          0x0000235d   Thumb Code     6  sysctl.o(.text)
    SysCtlNMIClear                           0x00002363   Thumb Code    12  sysctl.o(.text)
    SysCtlClockOutConfig                     0x0000236f   Thumb Code    14  sysctl.o(.text)
    SysCtlAltClkConfig                       0x0000237d   Thumb Code     8  sysctl.o(.text)
    vListInitialise                          0x000023bd   Thumb Code    26  list.o(.text)
    vListInitialiseItem                      0x000023d7   Thumb Code     6  list.o(.text)
    vListInsertEnd                           0x000023dd   Thumb Code    24  list.o(.text)
    vListInsert                              0x000023f5   Thumb Code    52  list.o(.text)
    uxListRemove                             0x00002429   Thumb Code    40  list.o(.text)
    pxPortInitialiseStack                    0x0000248d   Thumb Code    38  port.o(.text)
    vPortSetupTimerInterrupt                 0x000024b3   Thumb Code    86  port.o(.text)
    xPortStartScheduler                      0x00002509   Thumb Code   330  port.o(.text)
    vPortEndScheduler                        0x00002653   Thumb Code    42  port.o(.text)
    vPortEnterCritical                       0x0000267d   Thumb Code    78  port.o(.text)
    vPortExitCritical                        0x000026cb   Thumb Code    56  port.o(.text)
    SysTick_Handler                          0x00002703   Thumb Code    48  port.o(.text)
    vPortSuppressTicksAndSleep               0x00002733   Thumb Code   370  port.o(.text)
    vPortValidateInterruptPriority           0x000028a5   Thumb Code   106  port.o(.text)
    xQueueGenericReset                       0x00002921   Thumb Code   214  queue.o(.text)
    xQueueGenericCreate                      0x00002a25   Thumb Code   102  queue.o(.text)
    xQueueGenericSend                        0x00002c63   Thumb Code   470  queue.o(.text)
    xQueueCreateMutex                        0x00002e57   Thumb Code    34  queue.o(.text)
    xQueueGetMutexHolder                     0x00002e79   Thumb Code    52  queue.o(.text)
    xQueueGetMutexHolderFromISR              0x00002ead   Thumb Code    38  queue.o(.text)
    xQueueGiveMutexRecursive                 0x00002ed3   Thumb Code    72  queue.o(.text)
    xQueueSemaphoreTake                      0x00002f49   Thumb Code   434  queue.o(.text)
    xQueueTakeMutexRecursive                 0x000030fb   Thumb Code    78  queue.o(.text)
    xQueueCreateCountingSemaphore            0x00003149   Thumb Code    60  queue.o(.text)
    xQueueGenericSendFromISR                 0x00003185   Thumb Code   316  queue.o(.text)
    xQueueGiveFromISR                        0x000032c1   Thumb Code   280  queue.o(.text)
    xQueueReceive                            0x00003403   Thumb Code   356  queue.o(.text)
    xQueuePeek                               0x00003567   Thumb Code   362  queue.o(.text)
    xQueueReceiveFromISR                     0x000036d1   Thumb Code   238  queue.o(.text)
    xQueuePeekFromISR                        0x000037bf   Thumb Code   176  queue.o(.text)
    uxQueueMessagesWaiting                   0x0000386f   Thumb Code    48  queue.o(.text)
    uxQueueSpacesAvailable                   0x0000389f   Thumb Code    48  queue.o(.text)
    uxQueueMessagesWaitingFromISR            0x000038cf   Thumb Code    34  queue.o(.text)
    vQueueDelete                             0x000038f1   Thumb Code    38  queue.o(.text)
    uxQueueGetQueueNumber                    0x00003917   Thumb Code     6  queue.o(.text)
    vQueueSetQueueNumber                     0x0000391d   Thumb Code     4  queue.o(.text)
    ucQueueGetQueueType                      0x00003921   Thumb Code     8  queue.o(.text)
    xQueueIsQueueEmptyFromISR                0x00003929   Thumb Code    42  queue.o(.text)
    xQueueIsQueueFullFromISR                 0x00003953   Thumb Code    46  queue.o(.text)
    vQueueWaitForMessageRestricted           0x00003981   Thumb Code    74  queue.o(.text)
    xQueueCreateSet                          0x000039cb   Thumb Code    20  queue.o(.text)
    xQueueAddToSet                           0x000039df   Thumb Code    38  queue.o(.text)
    xQueueRemoveFromSet                      0x00003a05   Thumb Code    48  queue.o(.text)
    xQueueSelectFromSet                      0x00003a35   Thumb Code    24  queue.o(.text)
    xQueueSelectFromSetFromISR               0x00003a4d   Thumb Code    22  queue.o(.text)
    xTaskCreate                              0x00003c61   Thumb Code    96  tasks.o(.text)
    vTaskDelete                              0x00003cfb   Thumb Code   210  tasks.o(.text)
    xTaskIncrementTick                       0x00003dcd   Thumb Code   484  tasks.o(.text)
    xTaskResumeAll                           0x00003fb1   Thumb Code   342  tasks.o(.text)
    vTaskSuspendAll                          0x000041b5   Thumb Code    12  tasks.o(.text)
    xTaskDelayUntil                          0x000041c1   Thumb Code   260  tasks.o(.text)
    vTaskDelay                               0x000042c5   Thumb Code    82  tasks.o(.text)
    eTaskGetState                            0x00004317   Thumb Code   142  tasks.o(.text)
    uxTaskPriorityGet                        0x000043a5   Thumb Code    30  tasks.o(.text)
    uxTaskPriorityGetFromISR                 0x000043c3   Thumb Code    62  tasks.o(.text)
    vTaskPrioritySet                         0x00004401   Thumb Code   314  tasks.o(.text)
    vTaskSwitchContext                       0x0000453b   Thumb Code   118  tasks.o(.text)
    vTaskSuspend                             0x000045b1   Thumb Code   224  tasks.o(.text)
    vTaskResume                              0x00004711   Thumb Code   184  tasks.o(.text)
    xTaskResumeFromISR                       0x000047c9   Thumb Code   220  tasks.o(.text)
    vTaskStartScheduler                      0x00004985   Thumb Code   122  tasks.o(.text)
    vTaskEndScheduler                        0x000049ff   Thumb Code    32  tasks.o(.text)
    xTaskGetTickCount                        0x00004a1f   Thumb Code     6  tasks.o(.text)
    xTaskGetTickCountFromISR                 0x00004a25   Thumb Code    16  tasks.o(.text)
    uxTaskGetNumberOfTasks                   0x00004a35   Thumb Code     6  tasks.o(.text)
    pcTaskGetName                            0x00004a3b   Thumb Code    44  tasks.o(.text)
    xTaskGetHandle                           0x00004b65   Thumb Code   142  tasks.o(.text)
    vTaskGetInfo                             0x00004c09   Thumb Code   126  tasks.o(.text)
    uxTaskGetSystemState                     0x00004cf1   Thumb Code   152  tasks.o(.text)
    xTaskGetIdleTaskHandle                   0x00004d89   Thumb Code    42  tasks.o(.text)
    vTaskStepTick                            0x00004db3   Thumb Code    56  tasks.o(.text)
    xTaskCatchUpTicks                        0x00004deb   Thumb Code    64  tasks.o(.text)
    xTaskAbortDelay                          0x00004e2b   Thumb Code   198  tasks.o(.text)
    vTaskPlaceOnEventList                    0x00004ef1   Thumb Code    52  tasks.o(.text)
    vTaskPlaceOnUnorderedEventList           0x00004f25   Thumb Code   192  tasks.o(.text)
    vTaskPlaceOnEventListRestricted          0x00004fe5   Thumb Code    94  tasks.o(.text)
    xTaskRemoveFromEventList                 0x00005043   Thumb Code   272  tasks.o(.text)
    vTaskRemoveFromUnorderedEventList        0x00005153   Thumb Code   258  tasks.o(.text)
    vTaskSetTimeOutState                     0x00005255   Thumb Code    50  tasks.o(.text)
    vTaskInternalSetTimeOutState             0x00005287   Thumb Code    14  tasks.o(.text)
    xTaskCheckForTimeOut                     0x00005295   Thumb Code   160  tasks.o(.text)
    vTaskMissedYield                         0x00005335   Thumb Code     8  tasks.o(.text)
    uxTaskGetTaskNumber                      0x0000533d   Thumb Code    14  tasks.o(.text)
    vTaskSetTaskNumber                       0x0000534b   Thumb Code     8  tasks.o(.text)
    eTaskConfirmSleepModeStatus              0x00005353   Thumb Code    52  tasks.o(.text)
    uxTaskGetStackHighWaterMark2             0x00005387   Thumb Code    34  tasks.o(.text)
    uxTaskGetStackHighWaterMark              0x000053a9   Thumb Code    34  tasks.o(.text)
    xTaskGetCurrentTaskHandle                0x000053cb   Thumb Code     6  tasks.o(.text)
    xTaskGetSchedulerState                   0x000053d1   Thumb Code    72  tasks.o(.text)
    xTaskPriorityInherit                     0x00005419   Thumb Code   226  tasks.o(.text)
    xTaskPriorityDisinherit                  0x000054fb   Thumb Code   230  tasks.o(.text)
    vTaskPriorityDisinheritAfterTimeout      0x000055e1   Thumb Code   270  tasks.o(.text)
    uxTaskResetEventItemValue                0x000056ef   Thumb Code    24  tasks.o(.text)
    pvTaskIncrementMutexHeldCount            0x00005707   Thumb Code    26  tasks.o(.text)
    ulTaskGenericNotifyTake                  0x00005721   Thumb Code   160  tasks.o(.text)
    xTaskGenericNotifyWait                   0x000057c1   Thumb Code   214  tasks.o(.text)
    xTaskGenericNotify                       0x00005897   Thumb Code   450  tasks.o(.text)
    xTaskGenericNotifyFromISR                0x00005a59   Thumb Code   554  tasks.o(.text)
    vTaskGenericNotifyGiveFromISR            0x00005c83   Thumb Code   374  tasks.o(.text)
    xTaskGenericNotifyStateClear             0x00005df9   Thumb Code    90  tasks.o(.text)
    ulTaskGenericNotifyValueClear            0x00005e53   Thumb Code    58  tasks.o(.text)
    xTimerCreateTimerTask                    0x000061df   Thumb Code    64  timers.o(.text)
    xTimerCreate                             0x00006277   Thumb Code    98  timers.o(.text)
    xTimerGenericCommand                     0x000062d9   Thumb Code   128  timers.o(.text)
    xTimerGetTimerDaemonTaskHandle           0x00006359   Thumb Code    42  timers.o(.text)
    xTimerGetPeriod                          0x00006383   Thumb Code    32  timers.o(.text)
    vTimerSetReloadMode                      0x000063a3   Thumb Code    70  timers.o(.text)
    uxTimerGetReloadMode                     0x000063e9   Thumb Code    58  timers.o(.text)
    xTimerGetExpiryTime                      0x00006423   Thumb Code    34  timers.o(.text)
    pcTimerGetName                           0x00006445   Thumb Code    32  timers.o(.text)
    xTimerIsTimerActive                      0x00006465   Thumb Code    58  timers.o(.text)
    pvTimerGetTimerID                        0x0000649f   Thumb Code    44  timers.o(.text)
    vTimerSetTimerID                         0x000064cb   Thumb Code    44  timers.o(.text)
    xTimerPendFunctionCallFromISR            0x000064f7   Thumb Code    48  timers.o(.text)
    xTimerPendFunctionCall                   0x00006527   Thumb Code    76  timers.o(.text)
    uxTimerGetTimerNumber                    0x00006573   Thumb Code     6  timers.o(.text)
    vTimerSetTimerNumber                     0x00006579   Thumb Code     4  timers.o(.text)
    pvPortMalloc                             0x00006647   Thumb Code   338  heap_4.o(.text)
    vPortFree                                0x00006799   Thumb Code   150  heap_4.o(.text)
    xPortGetFreeHeapSize                     0x0000682f   Thumb Code     6  heap_4.o(.text)
    xPortGetMinimumEverFreeHeapSize          0x00006835   Thumb Code     6  heap_4.o(.text)
    vPortInitialiseBlocks                    0x0000683b   Thumb Code     2  heap_4.o(.text)
    vPortGetHeapStats                        0x0000683d   Thumb Code   104  heap_4.o(.text)
    __aeabi_memcpy                           0x000068c5   Thumb Code    36  memcpya.o(.text)
    __aeabi_memcpy4                          0x000068c5   Thumb Code     0  memcpya.o(.text)
    __aeabi_memcpy8                          0x000068c5   Thumb Code     0  memcpya.o(.text)
    __aeabi_memset                           0x000068e9   Thumb Code    14  memseta.o(.text)
    __aeabi_memset4                          0x000068e9   Thumb Code     0  memseta.o(.text)
    __aeabi_memset8                          0x000068e9   Thumb Code     0  memseta.o(.text)
    __aeabi_memclr                           0x000068f7   Thumb Code     4  memseta.o(.text)
    __aeabi_memclr4                          0x000068f7   Thumb Code     0  memseta.o(.text)
    __aeabi_memclr8                          0x000068f7   Thumb Code     0  memseta.o(.text)
    memset                                   0x000068fb   Thumb Code    18  memseta.o(.text)
    strlen                                   0x0000690d   Thumb Code    14  strlen.o(.text)
    __scatterload                            0x0000691d   Thumb Code    28  init.o(.text)
    __scatterload_rt2                        0x0000691d   Thumb Code     0  init.o(.text)
    __decompress                             0x00006941   Thumb Code     0  __dczerorl2.o(.text)
    __decompress1                            0x00006941   Thumb Code    86  __dczerorl2.o(.text)
    __scatterload_copy                       0x00006997   Thumb Code    14  handlers.o(i.__scatterload_copy)
    __scatterload_null                       0x000069a5   Thumb Code     2  handlers.o(i.__scatterload_null)
    __scatterload_zeroinit                   0x000069a7   Thumb Code    14  handlers.o(i.__scatterload_zeroinit)
    Region$$Table$$Base                      0x00006f3c   Number         0  anon$$obj.o(Region$$Table)
    Region$$Table$$Limit                     0x00006f5c   Number         0  anon$$obj.o(Region$$Table)
    SystemCoreClock                          0x20000000   Data           4  main.o(.data)
    flag_AUTOUP_1                            0x20000004   Data           1  main.o(.data)
    flag_AUTODWN_1                           0x20000005   Data           1  main.o(.data)
    MotorMutex                               0x20000008   Data           4  process_input.o(.data)
    PassengerUP_State                        0x2000000c   Data           1  process_input.o(.data)
    PassengerDown_State                      0x2000000d   Data           1  process_input.o(.data)
    DriverUP_State                           0x2000000e   Data           1  process_input.o(.data)
    DriverDown_State                         0x2000000f   Data           1  process_input.o(.data)
    DriverLock_State                         0x20000010   Data           1  process_input.o(.data)
    OneTouchAllUp_State                      0x20000011   Data           1  process_input.o(.data)
    OneTouchAllDown_State                    0x20000012   Data           1  process_input.o(.data)
    JamProtection_State                      0x20000013   Data           1  process_input.o(.data)
    LimitSwitchUp_State                      0x20000014   Data           1  process_input.o(.data)
    LimitSwitchDown_State                    0x20000015   Data           1  process_input.o(.data)
    MovReqQueue                              0x20000018   Data           4  process_input.o(.data)
    StateQueue                               0x2000001c   Data           4  process_input.o(.data)
    flag_AUTOUP                              0x20000020   Data           1  process_input.o(.data)
    flag_AUTODWN                             0x20000021   Data           1  process_input.o(.data)
    pxCurrentTCB                             0x2000003c   Data           4  tasks.o(.data)
    uxTopUsedPriority                        0x20000074   Data           4  tasks.o(.data)
    __initial_sp                             0x20005930   Data           0  startup_tm4c123.o(STACK)



==============================================================================

Memory Map of the image

  Image Entry point : 0x000004f5

  Load Region LR_1 (Base: 0x00000000, Size: 0x000075c8, Max: 0xffffffff, ABSOLUTE, COMPRESSED[0x00006f74])

    Execution Region ER_RO (Exec base: 0x00000000, Load base: 0x00000000, Size: 0x00006f5c, Max: 0xffffffff, ABSOLUTE)

    Exec Addr    Load Addr    Size         Type   Attr      Idx    E Section Name        Object

    0x00000000   0x00000000   0x0000026c   Data   RO           94    RESET               startup_tm4c123.o
    0x0000026c   0x0000026c   0x00000000   Code   RO          987  * .ARM.Collect$$$$00000000  mc_w.l(entry.o)
    0x0000026c   0x0000026c   0x00000004   Code   RO         1000    .ARM.Collect$$$$00000001  mc_w.l(entry2.o)
    0x00000270   0x00000270   0x00000004   Code   RO         1003    .ARM.Collect$$$$00000004  mc_w.l(entry5.o)
    0x00000274   0x00000274   0x00000000   Code   RO         1005    .ARM.Collect$$$$00000008  mc_w.l(entry7b.o)
    0x00000274   0x00000274   0x00000000   Code   RO         1007    .ARM.Collect$$$$0000000A  mc_w.l(entry8b.o)
    0x00000274   0x00000274   0x00000008   Code   RO         1008    .ARM.Collect$$$$0000000B  mc_w.l(entry9a.o)
    0x0000027c   0x0000027c   0x00000000   Code   RO         1010    .ARM.Collect$$$$0000000D  mc_w.l(entry10a.o)
    0x0000027c   0x0000027c   0x00000000   Code   RO         1012    .ARM.Collect$$$$0000000F  mc_w.l(entry11a.o)
    0x0000027c   0x0000027c   0x00000004   Code   RO         1001    .ARM.Collect$$$$00002712  mc_w.l(entry2.o)
    0x00000280   0x00000280   0x00000026   Code   RO          300    .emb_text           cpu.o
    0x000002a6   0x000002a6   0x00000002   PAD
    0x000002a8   0x000002a8   0x00000006   Code   RO          652    .emb_text           sysctl.o
    0x000002ae   0x000002ae   0x00000002   PAD
    0x000002b0   0x000002b0   0x000000be   Code   RO          854    .emb_text           port.o
    0x0000036e   0x0000036e   0x00000002   PAD
    0x00000370   0x00000370   0x00000184   Code   RO            1    .text               main.o
    0x000004f4   0x000004f4   0x000000fc   Code   RO           95  * .text               startup_tm4c123.o
    0x000005f0   0x000005f0   0x0000033c   Code   RO          100    .text               process_input.o
    0x0000092c   0x0000092c   0x000000bc   Code   RO          138    .text               movreq_execution.o
    0x000009e8   0x000009e8   0x000001ac   Code   RO          156    .text               main_tasks.o
    0x00000b94   0x00000b94   0x000000d0   Code   RO          188    .text               pin_init.o
    0x00000c64   0x00000c64   0x0000083c   Code   RO          440    .text               gpio.o
    0x000014a0   0x000014a0   0x00000330   Code   RO          498    .text               interrupt.o
    0x000017d0   0x000017d0   0x00000bec   Code   RO          653    .text               sysctl.o
    0x000023bc   0x000023bc   0x00000094   Code   RO          839    .text               list.o
    0x00002450   0x00002450   0x000004d0   Code   RO          855    .text               port.o
    0x00002920   0x00002920   0x00001142   Code   RO          884    .text               queue.o
    0x00003a62   0x00003a62   0x00000002   PAD
    0x00003a64   0x00003a64   0x00002440   Code   RO          920    .text               tasks.o
    0x00005ea4   0x00005ea4   0x000006e0   Code   RO          942    .text               timers.o
    0x00006584   0x00006584   0x00000340   Code   RO          972    .text               heap_4.o
    0x000068c4   0x000068c4   0x00000024   Code   RO          990    .text               mc_w.l(memcpya.o)
    0x000068e8   0x000068e8   0x00000024   Code   RO          994    .text               mc_w.l(memseta.o)
    0x0000690c   0x0000690c   0x0000000e   Code   RO          996    .text               mc_w.l(strlen.o)
    0x0000691a   0x0000691a   0x00000002   PAD
    0x0000691c   0x0000691c   0x00000024   Code   RO         1014    .text               mc_w.l(init.o)
    0x00006940   0x00006940   0x00000056   Code   RO         1024    .text               mc_w.l(__dczerorl2.o)
    0x00006996   0x00006996   0x0000000e   Code   RO         1018    i.__scatterload_copy  mc_w.l(handlers.o)
    0x000069a4   0x000069a4   0x00000002   Code   RO         1019    i.__scatterload_null  mc_w.l(handlers.o)
    0x000069a6   0x000069a6   0x0000000e   Code   RO         1020    i.__scatterload_zeroinit  mc_w.l(handlers.o)
    0x000069b4   0x000069b4   0x00000228   Data   RO          441    .constdata          gpio.o
    0x00006bdc   0x00006bdc   0x0000010c   Data   RO          499    .constdata          interrupt.o
    0x00006ce8   0x00006ce8   0x00000254   Data   RO          654    .constdata          sysctl.o
    0x00006f3c   0x00006f3c   0x00000020   Data   RO         1016    Region$$Table       anon$$obj.o


    Execution Region ER_RW (Exec base: 0x20000000, Load base: 0x00006f5c, Size: 0x0000066c, Max: 0xffffffff, ABSOLUTE, COMPRESSED[0x00000018])

    Exec Addr    Load Addr    Size         Type   Attr      Idx    E Section Name        Object

    0x20000000   COMPRESSED   0x00000006   Data   RW            3    .data               main.o
    0x20000006   COMPRESSED   0x00000002   PAD
    0x20000008   COMPRESSED   0x0000001a   Data   RW          102    .data               process_input.o
    0x20000022   COMPRESSED   0x00000002   PAD
    0x20000024   COMPRESSED   0x00000018   Data   RW          856    .data               port.o
    0x2000003c   COMPRESSED   0x00000040   Data   RW          922    .data               tasks.o
    0x2000007c   COMPRESSED   0x00000014   Data   RW          944    .data               timers.o
    0x20000090   COMPRESSED   0x00000020   Data   RW          974    .data               heap_4.o
    0x200000b0   COMPRESSED   0x00000350   PAD
    0x20000400   COMPRESSED   0x0000026c   Data   RW          500    vtable              interrupt.o


    Execution Region ER_ZI (Exec base: 0x2000066c, Load base: 0x00006f74, Size: 0x000052c4, Max: 0xffffffff, ABSOLUTE)

    Exec Addr    Load Addr    Size         Type   Attr      Idx    E Section Name        Object

    0x2000066c        -       0x00000018   Zero   RW          101    .bss                process_input.o
    0x20000684        -       0x00000018   Zero   RW          139    .bss                movreq_execution.o
    0x2000069c        -       0x000000c8   Zero   RW          921    .bss                tasks.o
    0x20000764        -       0x00000028   Zero   RW          943    .bss                timers.o
    0x2000078c        -       0x00004fa0   Zero   RW          973    .bss                heap_4.o
    0x2000572c   0x00006f74   0x00000004   PAD
    0x20005730        -       0x00000200   Zero   RW           92    STACK               startup_tm4c123.o


==============================================================================

Image component sizes


      Code (inc. data)   RO Data    RW Data    ZI Data      Debug   Object Name

        38          0          0          0          0        600   cpu.o
         0          0          0          0          0      14556   event_groups.o
      2108         38        552          0          0      14304   gpio.o
       832         32          0         32      20384       4146   heap_4.o
       816         46        268        620          0       4756   interrupt.o
       148          0          0          0          0       2038   list.o
       388        164          0          6          0      19497   main.o
       428         12          0          0          0       1713   main_tasks.o
       188         14          0          0         24       2035   movreq_execution.o
       208         18          0          0          0        562   pin_init.o
      1422         82          0         24          0       9622   port.o
       828         52          0         26         24       2860   process_input.o
      4418         16          0          0          0      23345   queue.o
       252         10        620          0        512       5452   startup_tm4c123.o
      3058        168        596          0          0      15086   sysctl.o
      9280        442          0         64        200      40614   tasks.o
      1760         62          0         20         40      25864   timers.o

    ----------------------------------------------------------------------
     26180       1156       2068       1644      21188     187050   Object Totals
         0          0         32          0          0          0   (incl. Generated)
         8          0          0        852          4          0   (incl. Padding)

    ----------------------------------------------------------------------

      Code (inc. data)   RO Data    RW Data    ZI Data      Debug   Library Member Name

        86          0          0          0          0          0   __dczerorl2.o
         0          0          0          0          0          0   entry.o
         0          0          0          0          0          0   entry10a.o
         0          0          0          0          0          0   entry11a.o
         8          4          0          0          0          0   entry2.o
         4          0          0          0          0          0   entry5.o
         0          0          0          0          0          0   entry7b.o
         0          0          0          0          0          0   entry8b.o
         8          4          0          0          0          0   entry9a.o
        30          0          0          0          0          0   handlers.o
        36          8          0          0          0         68   init.o
        36          0          0          0          0         68   memcpya.o
        36          0          0          0          0        108   memseta.o
        14          0          0          0          0         68   strlen.o

    ----------------------------------------------------------------------
       260         16          0          0          0        312   Library Totals
         2          0          0          0          0          0   (incl. Padding)

    ----------------------------------------------------------------------

      Code (inc. data)   RO Data    RW Data    ZI Data      Debug   Library Name

       258         16          0          0          0        312   mc_w.l

    ----------------------------------------------------------------------
       260         16          0          0          0        312   Library Totals

    ----------------------------------------------------------------------

==============================================================================


      Code (inc. data)   RO Data    RW Data    ZI Data      Debug   

     26440       1172       2068       1644      21188     184094   Grand Totals
     26440       1172       2068         24      21188     184094   ELF Image Totals (compressed)
     26440       1172       2068         24          0          0   ROM Totals

==============================================================================

    Total RO  Size (Code + RO Data)                28508 (  27.84kB)
    Total RW  Size (RW Data + ZI Data)             22832 (  22.30kB)
    Total ROM Size (Code + RO Data + RW Data)      28532 (  27.86kB)

==============================================================================

